{
   "attachments": [
      {
         "apiVersion": "v1",
         "data": {
            "value": "dGVzdA=="
         },
         "kind": "Secret",
         "metadata": {
            "labels": {
               "app": "test"
            },
            "name": "secret1"
         }
      }
   ]
}
